3.3.3.3 a.com e.com
# 3.3.3.3 b.com

5.5.5.5 a.com
